// Jest Snapshot v1, https://goo.gl/fbAQLP

exports[`FlowList renders correctly 1`] = `
<div
  className="sc-fotPbf btbdvj"
>
  <div
    className="sc-fFehDp khUShO"
  >
    <h2
      className="sc-dkPtyc FkeEH"
    >
      <p
        className="sc-bdvvaa bKtFxq"
        color="white"
      >
        skills
      </p>
    </h2>
  </div>
  <div
    className="sc-bkkfTU iSsTXg"
  >
    <div
      className="sc-iqsfdx cgIUbk"
    >
      <div
        className="sc-crHlIS fMvCKS"
      >
        <h6
          className="sc-iCfLBT ebzyty"
        >
          <p
            className="sc-eCImvq kBjSVF"
            color="#C7C7C7"
          >
            2019年8月
          </p>
        </h6>
        <h6
          className="sc-iCfLBT ebzyty"
        >
          <p
            className="sc-eCImvq kBjSVF"
            color="#C7C7C7"
          >
            〜
          </p>
        </h6>
        <h6
          className="sc-iCfLBT ebzyty"
        >
          <p
            className="sc-eCImvq kBjSVF"
            color="#C7C7C7"
          >
            現在
          </p>
        </h6>
      </div>
      <div
        className="sc-egiSv bgOump"
      >
        <div
          className="sc-pVTma gzkKVI"
        >
          <div
            className="sc-jrQzUz dVATvR"
          />
          <div
            className="sc-kDThTU bxhJKP"
          >
            <svg
              aria-hidden={true}
              className="MuiSvgIcon-root"
              focusable="false"
              style={
                Object {
                  "fontSize": 24,
                }
              }
              viewBox="0 0 24 24"
            >
              <path
                d="M12 7V3H2v18h20V7H12zM6 19H4v-2h2v2zm0-4H4v-2h2v2zm0-4H4V9h2v2zm0-4H4V5h2v2zm4 12H8v-2h2v2zm0-4H8v-2h2v2zm0-4H8V9h2v2zm0-4H8V5h2v2zm10 12h-8v-2h2v-2h-2v-2h2v-2h-2V9h8v10zm-2-8h-2v2h2v-2zm0 4h-2v2h2v-2z"
              />
            </svg>
          </div>
        </div>
      </div>
      <div
        className="sc-bqiQRQ iqUMFD"
      >
        <div
          className="sc-ksdxAp hXqVet"
        >
          <h5
            className="sc-gKckTs dFXzsw"
          >
            <p
              className="sc-eCImvq eTrCnx"
              color="white"
            >
              株式会社xxx
            </p>
          </h5>
          <h6
            className="sc-iCfLBT ebzyty"
          >
            <p
              className="sc-eCImvq kBjSVF"
              color="#C7C7C7"
            >
              1年間
            </p>
          </h6>
        </div>
        <div
          className="sc-ksdxAp hXqVet"
        >
          <span
            className="sc-hBURRC hTBict"
          >
            <div
              className="sc-furvIG dJoCcd"
            >
              <p
                className="sc-eCImvq dVIdtT"
                color="#424242"
              >
                営業
              </p>
            </div>
          </span>
          <span
            className="sc-hBURRC hTBict"
          >
            <div
              className="sc-furvIG dJoCcd"
            >
              <p
                className="sc-eCImvq dVIdtT"
                color="#424242"
              >
                エンジニア
              </p>
            </div>
          </span>
          <span
            className="sc-hBURRC hTBict"
          >
            <div
              className="sc-furvIG dJoCcd"
            >
              <p
                className="sc-eCImvq dVIdtT"
                color="#424242"
              >
                セールス
              </p>
            </div>
          </span>
          <span
            className="sc-hBURRC hTBict"
          >
            <div
              className="sc-furvIG dJoCcd"
            >
              <p
                className="sc-eCImvq dVIdtT"
                color="#424242"
              >
                労務
              </p>
            </div>
          </span>
        </div>
        <div
          className="sc-ksdxAp hXqVet"
        >
          <h6
            className="sc-iCfLBT ebzyty"
          >
            <p
              className="sc-eCImvq eTrCnx"
              color="white"
            >
              helloworldhelloworldhelloworldhelloworldhelloworldhelloworldhelloworldhelloworldhelloworldhelloworldhelloworldhelloworldhelloworldhelloworldhelloworldhelloworld
            </p>
          </h6>
        </div>
      </div>
    </div>
    <div
      className="sc-iqsfdx cgIUbk"
    >
      <div
        className="sc-crHlIS fMvCKS"
      >
        <h6
          className="sc-iCfLBT ebzyty"
        >
          <p
            className="sc-eCImvq kBjSVF"
            color="#C7C7C7"
          >
            2019年8月
          </p>
        </h6>
        <h6
          className="sc-iCfLBT ebzyty"
        >
          <p
            className="sc-eCImvq kBjSVF"
            color="#C7C7C7"
          >
            〜
          </p>
        </h6>
        <h6
          className="sc-iCfLBT ebzyty"
        >
          <p
            className="sc-eCImvq kBjSVF"
            color="#C7C7C7"
          >
            現在
          </p>
        </h6>
      </div>
      <div
        className="sc-egiSv bgOump"
      >
        <div
          className="sc-pVTma gzkKVI"
        >
          <div
            className="sc-jrQzUz dVATvR"
          />
          <div
            className="sc-kDThTU bxhJKP"
          >
            <svg
              aria-hidden={true}
              className="MuiSvgIcon-root"
              focusable="false"
              style={
                Object {
                  "fontSize": 24,
                }
              }
              viewBox="0 0 24 24"
            >
              <path
                d="M12 7V3H2v18h20V7H12zM6 19H4v-2h2v2zm0-4H4v-2h2v2zm0-4H4V9h2v2zm0-4H4V5h2v2zm4 12H8v-2h2v2zm0-4H8v-2h2v2zm0-4H8V9h2v2zm0-4H8V5h2v2zm10 12h-8v-2h2v-2h-2v-2h2v-2h-2V9h8v10zm-2-8h-2v2h2v-2zm0 4h-2v2h2v-2z"
              />
            </svg>
          </div>
        </div>
      </div>
      <div
        className="sc-bqiQRQ iqUMFD"
      >
        <div
          className="sc-ksdxAp hXqVet"
        >
          <h5
            className="sc-gKckTs dFXzsw"
          >
            <p
              className="sc-eCImvq eTrCnx"
              color="white"
            >
              株式会社yyy
            </p>
          </h5>
          <h6
            className="sc-iCfLBT ebzyty"
          >
            <p
              className="sc-eCImvq kBjSVF"
              color="#C7C7C7"
            >
              1年間
            </p>
          </h6>
        </div>
        <div
          className="sc-ksdxAp hXqVet"
        >
          <span
            className="sc-hBURRC hTBict"
          >
            <div
              className="sc-furvIG dJoCcd"
            >
              <p
                className="sc-eCImvq dVIdtT"
                color="#424242"
              >
                営業
              </p>
            </div>
          </span>
          <span
            className="sc-hBURRC hTBict"
          >
            <div
              className="sc-furvIG dJoCcd"
            >
              <p
                className="sc-eCImvq dVIdtT"
                color="#424242"
              >
                エンジニア
              </p>
            </div>
          </span>
          <span
            className="sc-hBURRC hTBict"
          >
            <div
              className="sc-furvIG dJoCcd"
            >
              <p
                className="sc-eCImvq dVIdtT"
                color="#424242"
              >
                セールス
              </p>
            </div>
          </span>
          <span
            className="sc-hBURRC hTBict"
          >
            <div
              className="sc-furvIG dJoCcd"
            >
              <p
                className="sc-eCImvq dVIdtT"
                color="#424242"
              >
                労務
              </p>
            </div>
          </span>
        </div>
        <div
          className="sc-ksdxAp hXqVet"
        >
          <h6
            className="sc-iCfLBT ebzyty"
          >
            <p
              className="sc-eCImvq eTrCnx"
              color="white"
            >
              helloworldhelloworldhelloworldhelloworldhelloworldhelloworldhelloworldhelloworldhelloworldhelloworldhelloworldhelloworldhelloworldhelloworldhelloworldhelloworld
            </p>
          </h6>
        </div>
      </div>
    </div>
    <div
      className="sc-iqsfdx cgIUbk"
    >
      <div
        className="sc-crHlIS fMvCKS"
      >
        <h6
          className="sc-iCfLBT ebzyty"
        >
          <p
            className="sc-eCImvq kBjSVF"
            color="#C7C7C7"
          >
            2019年8月
          </p>
        </h6>
        <h6
          className="sc-iCfLBT ebzyty"
        >
          <p
            className="sc-eCImvq kBjSVF"
            color="#C7C7C7"
          >
            〜
          </p>
        </h6>
        <h6
          className="sc-iCfLBT ebzyty"
        >
          <p
            className="sc-eCImvq kBjSVF"
            color="#C7C7C7"
          >
            現在
          </p>
        </h6>
      </div>
      <div
        className="sc-egiSv bgOump"
      >
        <div
          className="sc-pVTma gzkKVI"
        >
          <div
            className="sc-jrQzUz dVATvR"
          />
          <div
            className="sc-kDThTU bxhJKP"
          >
            <svg
              aria-hidden={true}
              className="MuiSvgIcon-root"
              focusable="false"
              style={
                Object {
                  "fontSize": 24,
                }
              }
              viewBox="0 0 24 24"
            >
              <path
                d="M12 7V3H2v18h20V7H12zM6 19H4v-2h2v2zm0-4H4v-2h2v2zm0-4H4V9h2v2zm0-4H4V5h2v2zm4 12H8v-2h2v2zm0-4H8v-2h2v2zm0-4H8V9h2v2zm0-4H8V5h2v2zm10 12h-8v-2h2v-2h-2v-2h2v-2h-2V9h8v10zm-2-8h-2v2h2v-2zm0 4h-2v2h2v-2z"
              />
            </svg>
          </div>
        </div>
      </div>
      <div
        className="sc-bqiQRQ iqUMFD"
      >
        <div
          className="sc-ksdxAp hXqVet"
        >
          <h5
            className="sc-gKckTs dFXzsw"
          >
            <p
              className="sc-eCImvq eTrCnx"
              color="white"
            >
              株式会社zzz
            </p>
          </h5>
          <h6
            className="sc-iCfLBT ebzyty"
          >
            <p
              className="sc-eCImvq kBjSVF"
              color="#C7C7C7"
            >
              1年間
            </p>
          </h6>
        </div>
        <div
          className="sc-ksdxAp hXqVet"
        >
          <span
            className="sc-hBURRC hTBict"
          >
            <div
              className="sc-furvIG dJoCcd"
            >
              <p
                className="sc-eCImvq dVIdtT"
                color="#424242"
              >
                営業
              </p>
            </div>
          </span>
          <span
            className="sc-hBURRC hTBict"
          >
            <div
              className="sc-furvIG dJoCcd"
            >
              <p
                className="sc-eCImvq dVIdtT"
                color="#424242"
              >
                エンジニア
              </p>
            </div>
          </span>
          <span
            className="sc-hBURRC hTBict"
          >
            <div
              className="sc-furvIG dJoCcd"
            >
              <p
                className="sc-eCImvq dVIdtT"
                color="#424242"
              >
                セールス
              </p>
            </div>
          </span>
          <span
            className="sc-hBURRC hTBict"
          >
            <div
              className="sc-furvIG dJoCcd"
            >
              <p
                className="sc-eCImvq dVIdtT"
                color="#424242"
              >
                労務
              </p>
            </div>
          </span>
        </div>
        <div
          className="sc-ksdxAp hXqVet"
        >
          <h6
            className="sc-iCfLBT ebzyty"
          >
            <p
              className="sc-eCImvq eTrCnx"
              color="white"
            >
              helloworldhelloworldhelloworldhelloworldhelloworldhelloworldhelloworldhelloworldhelloworldhelloworldhelloworldhelloworldhelloworldhelloworldhelloworldhelloworld
            </p>
          </h6>
        </div>
      </div>
    </div>
  </div>
</div>
`;
