// Jest Snapshot v1, https://goo.gl/fbAQLP

exports[`Links renders correctly 1`] = `
<div
  className="sc-jRQAMF kLBZMp"
>
  <div
    className="sc-gKckTs jJNaX"
  >
    <h2
      className="sc-hKwCoD ciajrW"
    >
      <p
        className="sc-gsDJrp fFMVcA"
        color="white"
      >
        Links
      </p>
    </h2>
  </div>
  <div
    className="sc-iCfLBT iUFcXm"
  >
    <div
      className="sc-jrQzUz gtKmVj"
    >
      <img
        alt="アイコン"
        className="sc-bdvvaa hVPPTo"
        height="200px"
        src="test-file-stub"
        width="200px"
      />
    </div>
    <div
      className="sc-jrQzUz gtKmVj"
    >
      <img
        alt="アイコン"
        className="sc-bdvvaa hVPPTo"
        height="200px"
        src="test-file-stub"
        width="200px"
      />
    </div>
    <div
      className="sc-jrQzUz gtKmVj"
    >
      <img
        alt="アイコン"
        className="sc-bdvvaa hVPPTo"
        height="200px"
        src="test-file-stub"
        width="200px"
      />
    </div>
  </div>
  <div
    className="sc-furvIG dPzpIM"
  >
    <div
      className="sc-jrQzUz gtKmVj"
    >
      <img
        alt="アイコン"
        className="sc-bdvvaa hVPPTo"
        height="200px"
        src="test-file-stub"
        width="200px"
      />
    </div>
    <div
      className="sc-jrQzUz gtKmVj"
    >
      <img
        alt="アイコン"
        className="sc-bdvvaa hVPPTo"
        height="200px"
        src="test-file-stub"
        width="200px"
      />
    </div>
    <div
      className="sc-jrQzUz gtKmVj"
    >
      <img
        alt="アイコン"
        className="sc-bdvvaa hVPPTo"
        height="200px"
        src="test-file-stub"
        width="200px"
      />
    </div>
  </div>
  <div
    className="sc-pVTma HwUCx"
  >
    <div
      className="sc-jrQzUz gtKmVj"
    >
      <img
        alt="アイコン"
        className="sc-bdvvaa hVPPTo"
        height="200px"
        src="test-file-stub"
        width="200px"
      />
    </div>
    <div
      className="sc-jrQzUz gtKmVj"
    >
      <img
        alt="アイコン"
        className="sc-bdvvaa hVPPTo"
        height="200px"
        src="test-file-stub"
        width="200px"
      />
    </div>
    <div
      className="sc-jrQzUz gtKmVj"
    >
      <img
        alt="アイコン"
        className="sc-bdvvaa hVPPTo"
        height="200px"
        src="test-file-stub"
        width="200px"
      />
    </div>
  </div>
</div>
`;
